// Jest Snapshot v1, https://goo.gl/fbAQLP

exports[`Landing component should render without throwing an error 1`] = `<Unknown />`;
